<html>
<body>
<pre>
<h1>礦ision Build Log</h1>
<h2>Tool Versions:</h2>
IDE-Version: μVision V5.35.0.0
Copyright (C) 2021 ARM Ltd and ARM Germany GmbH. All rights reserved.
License Information: 1 玛卡巴卡, 1, LIC=14HV2-9LLV3-9UL4U-SGDC5-SP412-ELZLF
 
Tool Versions:
Toolchain:       MDK-ARM Plus  Version: 5.35.0.2
Toolchain Path:  D:\Keil5\ARM\ARMCC\Bin
C Compiler:      Armcc.exe V5.06 update 7 (build 960)
Assembler:       Armasm.exe V5.06 update 7 (build 960)
Linker/Locator:  ArmLink.exe V5.06 update 7 (build 960)
Library Manager: ArmAr.exe V5.06 update 7 (build 960)
Hex Converter:   FromElf.exe V5.06 update 7 (build 960)
CPU DLL:         SARMCM3.DLL V5.35.0.2
Dialog DLL:      DCM.DLL V1.17.3.0
Target DLL:      STLink\ST-LINKIII-KEIL_SWO.dll V3.0.9.0
Dialog DLL:      TCM.DLL V1.53.0.0
 
<h2>Project:</h2>
E:\嵌入式芯片设计大赛\机械臂驱动\USER\Minibalance.uvproj
Project File Date:  06/23/2024

<h2>Output:</h2>
*** Using Compiler 'V5.06 update 7 (build 960)', folder: 'D:\Keil5\ARM\ARMCC\Bin'
Build target 'MinibalanceF4'
compiling exti.c...
compiling main.c...
compiling usart.c...
..\SYSTEM\usart\usart.c(94): warning:  #177-D: variable "Usart_ON_Count"  was declared but never referenced
  		static u8 count, last_data, last_last_data, Usart_ON_Count;
..\SYSTEM\usart\usart.c: 1 warning, 0 errors
compiling LED.C...
compiling oled.c...
compiling encoder.c...
compiling key.c...
compiling adc.c...
compiling motor.c...
compiling delay.c...
compiling sys.c...
compiling usartx.c...
compiling IOI2C.c...
compiling MPU6050.c...
compiling show.c...
compiling can.c...
compiling control.c...
compiling inv_mpu_dmp_motion_driver.c...
compiling inv_mpu.c...
linking...
Program Size: Code=60658 RO-data=6766 RW-data=548 ZI-data=18420  
FromELF: creating hex file...
"..\OBJ\Minibalance.axf" - 0 Error(s), 1 Warning(s).
Build Time Elapsed:  00:00:05
</pre>
</body>
</html>
